ამას ყველასა ავთანდილ ისმენდა გაცბუნვებული უბრძანა რა გჭირს რას იტყვი რასთვის ხარ აგრე ვებული რას დაგქადა იგი ყმა რა ნახა შენგან კლებული და დადუმდი მითხარ ვინ იყო ანუ რად საქმედ რებული დიაცმან უთხრა ჰე ლომო ხელი ვარ ცრემლთა დენითა ნურას ნუ მკითხავ ამბავსა ვერცა რას გითხრობ ენითა დავხოცენ შვილნი ხელითა მით ვარ აღარას ლხენითა და თავი მოვიკალ უთმინოდ სიყვარულითა შენითა ესეგვარი დია მიჰხვდეს სიტყვამცთარსა ენამეტსა ხვაშიადთა ვერმმალავსა უჭკუოსა შმაგსა რეტსა ვაგლახითა მეწიენით გეტყვი ყოვლსა ჩემსა მჭვრეტსა და მკურნალმანცა ვერა ჰკურნოს თავისისა სისხლთა მხვრეტსა